   ▲ Next.js 15.5.12
   - Local:        http://127.0.0.1:3212
   - Network:      http://127.0.0.1:3212
   - Experiments (use with caution):
     · optimizePackageImports

 ✓ Starting...
 ⚠ Next.js can't recognize the exported `runtime` field in "/twitter-image/route", it may be re-exported from another file. The default config will be used instead.
 ✓ Ready in 1091ms
 ✓ Compiled /middleware in 176ms (160 modules)
 ○ Compiling /register ...
Browserslist: browsers data (caniuse-lite) is 7 months old. Please run:
  npx update-browserslist-db@latest
  Why you should do it regularly: https://github.com/browserslist/update-db#readme
 ⚠ ./src/lib/supabase/helpers.ts
Module not found: Can't resolve 'async_hooks' in '/private/tmp/tryops-register-baseline-65adbfd06/src/lib/supabase'

Import trace for requested module:
./src/lib/supabase/helpers.ts
./src/lib/store/auth-store.ts
./src/app/providers.tsx
 ⚠ ./src/lib/supabase/helpers.ts
Module not found: Can't resolve 'async_hooks' in '/private/tmp/tryops-register-baseline-65adbfd06/src/lib/supabase'

Import trace for requested module:
./src/lib/supabase/helpers.ts
./src/lib/store/auth-store.ts
./src/app/providers.tsx
 GET /register 200 in 4161ms
 ⚠ ./src/lib/supabase/helpers.ts
Module not found: Can't resolve 'async_hooks' in '/private/tmp/tryops-register-baseline-65adbfd06/src/lib/supabase'

Import trace for requested module:
./src/lib/supabase/helpers.ts
./src/lib/store/auth-store.ts
./src/app/providers.tsx
