[33mThe CJS build of Vite's Node API is deprecated. See https://vite.dev/guide/troubleshooting.html#vite-cjs-node-api-deprecated for more details.[39m

 RUN  v2.1.9 /Users/jacksonsweet/Projects/OPS/.worktrees/tryops-conversion-web

 ❯ tests/integration/tryops-health-cron.test.ts (7 tests | 3 failed) 10ms
   × does not break analytics source evaluation when the new migration is unavailable 3ms
     → expected 200 to be 503 // Object.is equality
   × reports a failed rail insert as degraded while preserving completed source checks 0ms
     → expected 200 to be 503 // Object.is equality
   × does not count a waiting backoff row alone as a new delivery failure 1ms
     → expected { ok: true, ran: true, …(5) } to match object { ok: true, aggregateState: 'healthy' }
(10 matching properties omitted from actual)

⎯⎯⎯⎯⎯⎯⎯ Failed Tests 3 ⎯⎯⎯⎯⎯⎯⎯

 FAIL  tests/integration/tryops-health-cron.test.ts > does not break analytics source evaluation when the new migration is unavailable
AssertionError: expected 200 to be 503 // Object.is equality

- Expected
+ Received

- 503
+ 200

 ❯ tests/integration/tryops-health-cron.test.ts:33:27
     31| it("does not break analytics source evaluation when the new migration …
     32|   database({ code: "PGRST202" }); const response = await GET(request()…
     33|   expect(response.status).toBe(503); expect(body.state).toBe("healthy"…
       |                           ^
     34|   expect(body.ok).toBe(false); expect(body.aggregateState).toBe("degra…
     35|   expect(body.tryopsHealth).toEqual({ status: "unavailable", reason: "…

⎯⎯⎯⎯⎯⎯⎯⎯⎯⎯⎯⎯⎯⎯⎯⎯⎯⎯⎯⎯⎯⎯⎯⎯[1/3]⎯

 FAIL  tests/integration/tryops-health-cron.test.ts > reports a failed rail insert as degraded while preserving completed source checks
AssertionError: expected 200 to be 503 // Object.is equality

- Expected
+ Received

- 503
+ 200

 ❯ tests/integration/tryops-health-cron.test.ts:42:27
     40|   rpc.mockReturnValue({ abortSignal: vi.fn().mockResolvedValue({ data:…
     41|   const response = await GET(request());
     42|   expect(response.status).toBe(503);
       |                           ^
     43|   expect(await response.json()).toMatchObject({ ok: false, aggregateSt…
     44|   expect(m.health).toHaveBeenCalledOnce();

⎯⎯⎯⎯⎯⎯⎯⎯⎯⎯⎯⎯⎯⎯⎯⎯⎯⎯⎯⎯⎯⎯⎯⎯[2/3]⎯

 FAIL  tests/integration/tryops-health-cron.test.ts > does not count a waiting backoff row alone as a new delivery failure
AssertionError: expected { ok: true, ran: true, …(5) } to match object { ok: true, aggregateState: 'healthy' }
(10 matching properties omitted from actual)

- Expected
+ Received

  Object {
-   "aggregateState": "healthy",
    "ok": true,
  }

 ❯ tests/integration/tryops-health-cron.test.ts:51:33
     49|   const response = await GET(request());
     50|   expect(response.status).toBe(200);
     51|   expect(await response.json()).toMatchObject({ ok: true, aggregateSta…
       |                                 ^
     52| });
     53| it("still drains its durable alerts before an existing analytics sourc…

⎯⎯⎯⎯⎯⎯⎯⎯⎯⎯⎯⎯⎯⎯⎯⎯⎯⎯⎯⎯⎯⎯⎯⎯[3/3]⎯

 Test Files  1 failed (1)
      Tests  3 failed | 4 passed (7)
   Start at  14:52:34
   Duration  328ms (transform 41ms, setup 150ms, collect 37ms, tests 10ms, environment 0ms, prepare 32ms)
