[33mThe CJS build of Vite's Node API is deprecated. See https://vite.dev/guide/troubleshooting.html#vite-cjs-node-api-deprecated for more details.[39m

 RUN  v2.1.9 /Users/jacksonsweet/Projects/OPS/.worktrees/tryops-conversion-web

 ❯ tests/unit/pmf/experiment-recovery.test.ts (8 tests | 8 failed) 27ms
   × post-response signup staging recovery > registers recovery without delaying the response and stops after a successful retry 11ms
     → expected [] to have a length of 1 but got +0
   × post-response signup staging recovery > records exhausted recovery once with exact hash and server actor, without a raw bearer 3ms
     → expected [ [ …(2) ] ] to have a length of 4 but got 1
   × post-response signup staging recovery > marks an unavailable loss recorder explicitly unpersisted 4ms
     → expected "spy" to be called with arguments: [ …(2) ]

Received:

  1st spy call:

  Array [
-   "[tryops/attribution] measurement loss",
+   "[tryops/attribution] recovery required",
    Object {
-     "persisted": false,
-     "reason": "signup_staging_failed",
+     "operation": "stage",
+     "reason": "storage_unavailable",
    },
  ]


Number of calls: 1

   × post-response signup staging recovery > does not claim a recorded loss for rejected invalid_assignment 1ms
     → expected "info" to be called with arguments: [ …(2) ]

Received:



Number of calls: 0

   × post-response signup staging recovery > does not claim a recorded loss for rejected invalid_actor 1ms
     → expected "info" to be called with arguments: [ …(2) ]

Received:



Number of calls: 0

   × post-response signup staging recovery > does not report loss after a definitive rejection or durable exposure-race acknowledgement 1ms
     → expected "spy" to be called 2 times, but got 1 times
   × post-response signup staging recovery > deduplicates repeated callback execution and uses the same durable key on another request 1ms
     → callback is not a function
   × post-response signup staging recovery > keeps signup available and explicitly flags loss if the runtime cannot schedule after 1ms
     → expected "spy" to be called with arguments: [ …(2) ]

Received:

  1st spy call:

  Array [
-   "[tryops/attribution] measurement loss",
+   "[tryops/attribution] recovery required",
    Object {
-     "persisted": false,
-     "reason": "scheduler_unavailable",
+     "operation": "stage",
+     "reason": "storage_unavailable",
    },
  ]


Number of calls: 1


⎯⎯⎯⎯⎯⎯⎯ Failed Tests 8 ⎯⎯⎯⎯⎯⎯⎯

 FAIL  tests/unit/pmf/experiment-recovery.test.ts > post-response signup staging recovery > registers recovery without delaying the response and stops after a successful retry
AssertionError: expected [] to have a length of 1 but got +0

- Expected
+ Received

- 1
+ 0

 ❯ tests/unit/pmf/experiment-recovery.test.ts:37:28
     35|     expect(await stageSignupExperiment(db, request(), actor)).toEqual(…
     36|     expect(rpc).toHaveBeenCalledTimes(1);
     37|     expect(jobs.callbacks).toHaveLength(1);
       |                            ^
     38|     await drain();
     39|     expect(rpc).toHaveBeenCalledTimes(2);

⎯⎯⎯⎯⎯⎯⎯⎯⎯⎯⎯⎯⎯⎯⎯⎯⎯⎯⎯⎯⎯⎯⎯⎯[1/8]⎯

 FAIL  tests/unit/pmf/experiment-recovery.test.ts > post-response signup staging recovery > records exhausted recovery once with exact hash and server actor, without a raw bearer
AssertionError: expected [ [ …(2) ] ] to have a length of 4 but got 1

- Expected
+ Received

- 4
+ 1

 ❯ tests/unit/pmf/experiment-recovery.test.ts:46:90
     44|     await stageSignupExperiment(db, request(), actor); await drain();
     45|     const reports = rpc.mock.calls.filter(([name]) => name === "report…
     46|     expect(rpc.mock.calls.filter(([name]) => name === "stage_tryops_ex…
       |                                                                                          ^
     47|     expect(reports).toHaveLength(1);
     48|     expect(reports[0]).toEqual(["report_tryops_collection_failure", {

⎯⎯⎯⎯⎯⎯⎯⎯⎯⎯⎯⎯⎯⎯⎯⎯⎯⎯⎯⎯⎯⎯⎯⎯[2/8]⎯

 FAIL  tests/unit/pmf/experiment-recovery.test.ts > post-response signup staging recovery > marks an unavailable loss recorder explicitly unpersisted
AssertionError: expected "spy" to be called with arguments: [ …(2) ]

Received:

  1st spy call:

  Array [
-   "[tryops/attribution] measurement loss",
+   "[tryops/attribution] recovery required",
    Object {
-     "persisted": false,
-     "reason": "signup_staging_failed",
+     "operation": "stage",
+     "reason": "storage_unavailable",
    },
  ]


Number of calls: 1

 ❯ tests/unit/pmf/experiment-recovery.test.ts:58:27
     56|     const { db } = database([new Error(token)], new Error(token));
     57|     await stageSignupExperiment(db, request(), actor); await drain();
     58|     expect(console.error).toHaveBeenCalledWith("[tryops/attribution] m…
       |                           ^
     59|   });
     60|   it.each(["invalid_assignment", "invalid_actor"])("does not claim a r…

⎯⎯⎯⎯⎯⎯⎯⎯⎯⎯⎯⎯⎯⎯⎯⎯⎯⎯⎯⎯⎯⎯⎯⎯[3/8]⎯

 FAIL  tests/unit/pmf/experiment-recovery.test.ts > post-response signup staging recovery > does not claim a recorded loss for rejected invalid_assignment
 FAIL  tests/unit/pmf/experiment-recovery.test.ts > post-response signup staging recovery > does not claim a recorded loss for rejected invalid_actor
AssertionError: expected "info" to be called with arguments: [ …(2) ]

Received:



Number of calls: 0

 ❯ tests/unit/pmf/experiment-recovery.test.ts:63:26
     61|     const { db } = database([new Error(token)], { status: "rejected", …
     62|     await stageSignupExperiment(db, request(), actor); await drain();
     63|     expect(console.info).toHaveBeenCalledWith("[tryops/attribution] lo…
       |                          ^
     64|     expect(vi.mocked(console.error).mock.calls.some(([message]) => mes…
     65|   });

⎯⎯⎯⎯⎯⎯⎯⎯⎯⎯⎯⎯⎯⎯⎯⎯⎯⎯⎯⎯⎯⎯⎯⎯[4/8]⎯

 FAIL  tests/unit/pmf/experiment-recovery.test.ts > post-response signup staging recovery > does not report loss after a definitive rejection or durable exposure-race acknowledgement
AssertionError: expected "spy" to be called 2 times, but got 1 times
 ❯ tests/unit/pmf/experiment-recovery.test.ts:71:19
     69|       jobs.callbacks.length = 0;
     70|       await stageSignupExperiment(db, request(), actor); await drain();
     71|       expect(rpc).toHaveBeenCalledTimes(2);
       |                   ^
     72|     }
     73|   });

⎯⎯⎯⎯⎯⎯⎯⎯⎯⎯⎯⎯⎯⎯⎯⎯⎯⎯⎯⎯⎯⎯⎯⎯[5/8]⎯

 FAIL  tests/unit/pmf/experiment-recovery.test.ts > post-response signup staging recovery > deduplicates repeated callback execution and uses the same durable key on another request
TypeError: callback is not a function
 ❯ tests/unit/pmf/experiment-recovery.test.ts:78:19
     76|     await stageSignupExperiment(db, request(), actor);
     77|     const callback = jobs.callbacks[0];
     78|     const first = callback(); const duplicate = callback();
       |                   ^
     79|     await vi.runAllTimersAsync(); await Promise.all([first, duplicate]…
     80|     expect(rpc.mock.calls.filter(([name]) => name === "report_tryops_c…

⎯⎯⎯⎯⎯⎯⎯⎯⎯⎯⎯⎯⎯⎯⎯⎯⎯⎯⎯⎯⎯⎯⎯⎯[6/8]⎯

 FAIL  tests/unit/pmf/experiment-recovery.test.ts > post-response signup staging recovery > keeps signup available and explicitly flags loss if the runtime cannot schedule after
AssertionError: expected "spy" to be called with arguments: [ …(2) ]

Received:

  1st spy call:

  Array [
-   "[tryops/attribution] measurement loss",
+   "[tryops/attribution] recovery required",
    Object {
-     "persisted": false,
-     "reason": "scheduler_unavailable",
+     "operation": "stage",
+     "reason": "storage_unavailable",
    },
  ]


Number of calls: 1

 ❯ tests/unit/pmf/experiment-recovery.test.ts:90:27
     88|     const { db } = database([new Error(token)]);
     89|     expect((await stageSignupExperiment(db, request(), actor)).status)…
     90|     expect(console.error).toHaveBeenCalledWith("[tryops/attribution] m…
       |                           ^
     91|   });
     92| });

⎯⎯⎯⎯⎯⎯⎯⎯⎯⎯⎯⎯⎯⎯⎯⎯⎯⎯⎯⎯⎯⎯⎯⎯[7/8]⎯

 Test Files  1 failed (1)
      Tests  8 failed (8)
   Start at  14:32:47
   Duration  3.62s (transform 152ms, setup 1.29s, collect 95ms, tests 27ms, environment 1.54s, prepare 103ms)
