[33mThe CJS build of Vite's Node API is deprecated. See https://vite.dev/guide/troubleshooting.html#vite-cjs-node-api-deprecated for more details.[39m

 RUN  v2.1.9 /Users/jacksonsweet/Projects/OPS/.worktrees/tryops-conversion-web

 ❯ tests/unit/pmf/experiment-attribution.test.ts (39 tests | 1 failed) 12ms
   × company attachment through staged identity > preserves the database exclusion trial_not_ready 2ms
     → expected { status: 'pending', …(1) } to deeply equal { status: 'rejected', …(1) }

⎯⎯⎯⎯⎯⎯⎯ Failed Tests 1 ⎯⎯⎯⎯⎯⎯⎯

 FAIL  tests/unit/pmf/experiment-attribution.test.ts > company attachment through staged identity > preserves the database exclusion trial_not_ready
AssertionError: expected { status: 'pending', …(1) } to deeply equal { status: 'rejected', …(1) }

- Expected
+ Received

  Object {
-   "reason": "trial_not_ready",
-   "status": "rejected",
+   "reason": "invalid_response",
+   "status": "pending",
  }

 ❯ tests/unit/pmf/experiment-attribution.test.ts:93:68


⎯⎯⎯⎯⎯⎯⎯⎯⎯⎯⎯⎯⎯⎯⎯⎯⎯⎯⎯⎯⎯⎯⎯⎯[1/1]⎯

 Test Files  1 failed (1)
      Tests  1 failed | 38 passed (39)
   Start at  14:57:30
   Duration  582ms (transform 38ms, setup 112ms, collect 33ms, tests 12ms, environment 194ms, prepare 27ms)
