[info] %cDownload the React DevTools for a better development experience: https://react.dev/link/react-devtools font-weight:bold
[log] [AuthProvider] Calling authStateReady()...
[log] [AuthProvider] onIdTokenChanged fired: false
[warning] An iframe which has both allow-scripts and allow-same-origin for its sandbox attribute can escape its sandboxing.
[warning] You are using the in-browser Babel transformer. Be sure to precompile your scripts for production - https://babeljs.io/docs/setup/
[warning] ./src/lib/supabase/helpers.ts
Module not found: Can't resolve 'async_hooks' in '/Users/jacksonsweet/Projects/OPS/ops-web-spec-admin-tier-v2/src/lib/supabase'
[log] [AuthProvider] onIdTokenChanged fired: true
[log] [AuthProvider] Calling authStateReady()...
[log] [AuthProvider] authStateReady resolved, currentUser: true
[log] [AuthProvider] onIdTokenChanged fired: true
[log] [dev-bypass] Signed in as j4ckson.sweet@gmail.com via custom token
[log] [AuthProvider] Syncing user: j4ckson.sweet@gmail.com
[warning] An iframe which has both allow-scripts and allow-same-origin for its sandbox attribute can escape its sandboxing.
[warning] You are using the in-browser Babel transformer. Be sure to precompile your scripts for production - https://babeljs.io/docs/setup/
[log] [AuthProvider] syncUser result: {userId: 1746a0c1-be43-45d6-ab4d-584e82594b1b, userRole: operator, companyName: Canpro Deck and Rail}
[error] [FeatureFlagsStore] fetch threw: TypeError: Failed to fetch
    at attempt (webpack-internal:///(app-pages-browser)/./src/lib/store/feature-flags-store.ts:81:39)
    at fetchFlags (webpack-internal:///(app-pages-browser)/./src/lib/store/feature-flags-store.ts:93:30)
    at handleAuthState (webpack-internal:///(app-pages-browser)/./src/components/providers/auth-provider.tsx:397:25)
[warning] [FeatureFlagsStore] Retrying flag fetch…
[info] %cDownload the React DevTools for a better development experience: https://react.dev/link/react-devtools font-weight:bold
[warning] ./src/lib/supabase/helpers.ts
Module not found: Can't resolve 'async_hooks' in '/Users/jacksonsweet/Projects/OPS/ops-web-spec-admin-tier-v2/src/lib/supabase'
[info] %cDownload the React DevTools for a better development experience: https://react.dev/link/react-devtools font-weight:bold
[warning] ./src/lib/supabase/helpers.ts
Module not found: Can't resolve 'async_hooks' in '/Users/jacksonsweet/Projects/OPS/ops-web-spec-admin-tier-v2/src/lib/supabase'
